[demo.neptuneapp.xyz/demo-1/ltr/index.html]
[backblue.gif]
[fade.gif]
[index.html]
[demo.neptuneapp.xyz/common-assets/bootstrap/css/bootstrap.min.css]
[demo.neptuneapp.xyz/demo-1/ltr/assets/css/main.css]
[demo.neptuneapp.xyz/demo-1/ltr/assets/css/structure.css]
[demo.neptuneapp.xyz/common-assets/plugins/perfect-scrollbar/perfect-scrollbar.css]
[demo.neptuneapp.xyz/common-assets/plugins/highlight/styles/monokai-sublime.css]
[demo.neptuneapp.xyz/demo-1/ltr/assets/css/loader.css]
[maxst.icons8.com/vue-static/landings/line-awesome/line-awesome/1.3.0/css/line-awesome.min.css]
[demo.neptuneapp.xyz/common-assets/plugins/apex/apexcharts.css]
[demo.neptuneapp.xyz/demo-1/ltr/assets/css/dashboard/dashboard_1.css]
[demo.neptuneapp.xyz/common-assets/plugins/flatpickr/flatpickr.css]
[demo.neptuneapp.xyz/common-assets/plugins/flatpickr/custom-flatpickr.css]
[demo.neptuneapp.xyz/demo-1/ltr/assets/css/elements/tooltip.css]
[demo.neptuneapp.xyz/common-assets/img/logo.png]
[demo.neptuneapp.xyz/demo-1/ltr/apps_ecommerce.html]
[demo.neptuneapp.xyz/demo-1/ltr/apps_chat.html]
[demo.neptuneapp.xyz/demo-1/ltr/apps_mail.html]
[demo.neptuneapp.xyz/demo-1/ltr/apps_file_manager.html]
[demo.neptuneapp.xyz/demo-1/ltr/apps_calendar.html]
[demo.neptuneapp.xyz/demo-1/ltr/apps_notes.html]
[demo.neptuneapp.xyz/demo-1/ltr/pages_contact_us.html]
[demo.neptuneapp.xyz/demo-1/ltr/pages_faq.html]
[demo.neptuneapp.xyz/demo-1/ltr/pages_helpdesk.html]
[demo.neptuneapp.xyz/demo-1/ltr/pages_pricing_2.html]
[demo.neptuneapp.xyz/demo-1/ltr/pages_search_result.html]
[demo.neptuneapp.xyz/demo-1/ltr/pages_privacy_policy.html]
[demo.neptuneapp.xyz/common-assets/img/company-1.jpg]
[demo.neptuneapp.xyz/common-assets/img/company-2.jpg]
[demo.neptuneapp.xyz/common-assets/img/company-3.jpg]
[demo.neptuneapp.xyz/common-assets/img/company-4.jpg]
[demo.neptuneapp.xyz/common-assets/img/company-5.jpg]
[demo.neptuneapp.xyz/common-assets/img/company-6.jpg]
[demo.neptuneapp.xyz/common-assets/img/flag/usa-flag.png]
[demo.neptuneapp.xyz/common-assets/img/flag/spain-flag.png]
[demo.neptuneapp.xyz/common-assets/img/flag/france-flag.png]
[demo.neptuneapp.xyz/common-assets/img/flag/saudi-arabia-flag.png]
[demo.neptuneapp.xyz/common-assets/img/profile-11.jpg]
[demo.neptuneapp.xyz/common-assets/img/profile-10.jpg]
[demo.neptuneapp.xyz/common-assets/img/profile-9.jpg]
[demo.neptuneapp.xyz/demo-1/ltr/apps_ecommerce_orders.html]
[demo.neptuneapp.xyz/demo-1/ltr/apps_tickets.html]
[demo.neptuneapp.xyz/demo-1/ltr/pages_notifications.html]
[demo.neptuneapp.xyz/common-assets/img/profile-16.jpg]
[demo.neptuneapp.xyz/demo-1/ltr/pages_profile.html]
[demo.neptuneapp.xyz/demo-1/ltr/pages_timeline.html]
[demo.neptuneapp.xyz/demo-1/ltr/auth_lock_screen_3.html]
[demo.neptuneapp.xyz/demo-1/ltr/auth_login_3.html]
[demo.neptuneapp.xyz/demo-1/ltr/index-2.html]
[demo.neptuneapp.xyz/demo-1/ltr/index-3.html]
[demo.neptuneapp.xyz/demo-1/ltr/index-4.html]
[demo.neptuneapp.xyz/demo-1/ltr/index-5.html]
[demo.neptuneapp.xyz/demo-1/ltr/apps_companies.html]
[demo.neptuneapp.xyz/demo-1/ltr/apps_company_details.html]
[demo.neptuneapp.xyz/demo-1/ltr/apps_contacts.html]
[demo.neptuneapp.xyz/demo-1/ltr/apps_ecommerce_products.html]
[demo.neptuneapp.xyz/demo-1/ltr/apps_ecommerce_product_details.html]
[demo.neptuneapp.xyz/demo-1/ltr/apps_ecommerce_add_product.html]
[demo.neptuneapp.xyz/demo-1/ltr/apps_ecommerce_order_details.html]
[demo.neptuneapp.xyz/demo-1/ltr/apps_ecommerce_customers.html]
[demo.neptuneapp.xyz/demo-1/ltr/apps_ecommerce_sellers.html]
[demo.neptuneapp.xyz/demo-1/ltr/apps_ecommerce_cart.html]
[demo.neptuneapp.xyz/demo-1/ltr/apps_ecommerce_checkout.html]
[demo.neptuneapp.xyz/demo-1/ltr/apps_mail_details.html]
[demo.neptuneapp.xyz/demo-1/ltr/apps_mail_create.html]
[demo.neptuneapp.xyz/demo-1/ltr/apps_invoice.html]
[demo.neptuneapp.xyz/demo-1/ltr/apps_notes_details.html]
[demo.neptuneapp.xyz/demo-1/ltr/apps_notes_create.html]
[demo.neptuneapp.xyz/demo-1/ltr/apps_social.html]
[demo.neptuneapp.xyz/demo-1/ltr/apps_taskList.html]
[demo.neptuneapp.xyz/demo-1/ltr/apps_ticket_details.html]
[demo.neptuneapp.xyz/demo-1/ltr/auth_login_1.html]
[demo.neptuneapp.xyz/demo-1/ltr/auth_signup_1.html]
[demo.neptuneapp.xyz/demo-1/ltr/auth_lock_screen_1.html]
[demo.neptuneapp.xyz/demo-1/ltr/auth_forget_password_1.html]
[demo.neptuneapp.xyz/demo-1/ltr/auth_confirm_email_1.html]
[demo.neptuneapp.xyz/demo-1/ltr/auth_login_2.html]
[demo.neptuneapp.xyz/demo-1/ltr/auth_signup_2.html]
[demo.neptuneapp.xyz/demo-1/ltr/auth_lock_screen_2.html]
[demo.neptuneapp.xyz/demo-1/ltr/auth_forget_password_2.html]
[demo.neptuneapp.xyz/demo-1/ltr/auth_confirm_email_2.html]
[demo.neptuneapp.xyz/demo-1/ltr/auth_signup_3.html]
[demo.neptuneapp.xyz/demo-1/ltr/auth_forget_password_3.html]
[demo.neptuneapp.xyz/demo-1/ltr/auth_confirm_email_3.html]
[demo.neptuneapp.xyz/demo-1/ltr/pages_coming_soon.html]
[demo.neptuneapp.xyz/demo-1/ltr/pages_coming_soon_2.html]
[demo.neptuneapp.xyz/demo-1/ltr/pages_contact_us_2.html]
[demo.neptuneapp.xyz/demo-1/ltr/pages_error404.html]
[demo.neptuneapp.xyz/demo-1/ltr/pages_error500.html]
[demo.neptuneapp.xyz/demo-1/ltr/pages_error503.html]
[demo.neptuneapp.xyz/demo-1/ltr/pages_maintenance.html]
[demo.neptuneapp.xyz/demo-1/ltr/pages_error404_2.html]
[demo.neptuneapp.xyz/demo-1/ltr/pages_error500_2.html]
[demo.neptuneapp.xyz/demo-1/ltr/pages_error503_2.html]
[demo.neptuneapp.xyz/demo-1/ltr/pages_maintenance_2.html]
[demo.neptuneapp.xyz/demo-1/ltr/pages_faq_2.html]
[demo.neptuneapp.xyz/demo-1/ltr/pages_faq_3.html]
[demo.neptuneapp.xyz/demo-1/ltr/pages_pricing.html]
[demo.neptuneapp.xyz/demo-1/ltr/pages_profile_edit.html]
[demo.neptuneapp.xyz/demo-1/ltr/pages_search_result_2.html]
[demo.neptuneapp.xyz/demo-1/ltr/pages_sitemap.html]
[demo.neptuneapp.xyz/demo-1/ltr/basic_ui_accordion.html]
[demo.neptuneapp.xyz/demo-1/ltr/basic_ui_animation.html]
[demo.neptuneapp.xyz/demo-1/ltr/basic_ui_cards.html]
[demo.neptuneapp.xyz/demo-1/ltr/basic_ui_carousel.html]
[demo.neptuneapp.xyz/demo-1/ltr/basic_ui_countdown.html]
[demo.neptuneapp.xyz/demo-1/ltr/basic_ui_counter.html]
[demo.neptuneapp.xyz/demo-1/ltr/basic_ui_dragitems.html]
[demo.neptuneapp.xyz/demo-1/ltr/basic_ui_lightbox.html]
[demo.neptuneapp.xyz/demo-1/ltr/basic_ui_lightbox_side_open.html]
[demo.neptuneapp.xyz/demo-1/ltr/basic_ui_list_groups.html]
[demo.neptuneapp.xyz/demo-1/ltr/basic_ui_media_object.html]
[demo.neptuneapp.xyz/demo-1/ltr/basic_ui_modals.html]
[demo.neptuneapp.xyz/demo-1/ltr/basic_ui_notifications.html]
[demo.neptuneapp.xyz/demo-1/ltr/basic_ui_scrollspy.html]
[demo.neptuneapp.xyz/demo-1/ltr/basic_ui_session_timeout.html]
[demo.neptuneapp.xyz/demo-1/ltr/basic_ui_sweet_alerts.html]
[demo.neptuneapp.xyz/demo-1/ltr/basic_ui_tabs.html]
[demo.neptuneapp.xyz/demo-1/ltr/basic_ui_tour_tutorial.html]
[demo.neptuneapp.xyz/demo-1/ltr/ui_elements_alerts.html]
[demo.neptuneapp.xyz/demo-1/ltr/ui_elements_avatar.html]
[demo.neptuneapp.xyz/demo-1/ltr/ui_elements_badges.html]
[demo.neptuneapp.xyz/demo-1/ltr/ui_elements_breadcrumbs.html]
[demo.neptuneapp.xyz/demo-1/ltr/ui_elements_buttons.html]
[demo.neptuneapp.xyz/demo-1/ltr/ui_elements_colors.html]
[demo.neptuneapp.xyz/demo-1/ltr/ui_elements_dropdowns.html]
[demo.neptuneapp.xyz/demo-1/ltr/ui_elements_grid.html]
[demo.neptuneapp.xyz/demo-1/ltr/ui_elements_jumbotron.html]
[demo.neptuneapp.xyz/demo-1/ltr/ui_elements_list_group.html]
[demo.neptuneapp.xyz/demo-1/ltr/ui_elements_loading_spinners.html]
[demo.neptuneapp.xyz/demo-1/ltr/ui_elements_pagination.html]
[demo.neptuneapp.xyz/demo-1/ltr/ui_elements_popovers.html]
[demo.neptuneapp.xyz/demo-1/ltr/ui_elements_progress_bar.html]
[demo.neptuneapp.xyz/demo-1/ltr/ui_elements_ribbons.html]
[demo.neptuneapp.xyz/demo-1/ltr/ui_elements_tooltips.html]
[demo.neptuneapp.xyz/demo-1/ltr/ui_elements_typography.html]
[demo.neptuneapp.xyz/demo-1/ltr/ui_elements_video.html]
[demo.neptuneapp.xyz/demo-1/ltr/widgets.html]
[demo.neptuneapp.xyz/demo-1/ltr/tables.html]
[demo.neptuneapp.xyz/demo-1/ltr/datatables.html]
[demo.neptuneapp.xyz/demo-1/ltr/forms_controls_base_input.html]
[demo.neptuneapp.xyz/demo-1/ltr/forms_controls_input_groups.html]
[demo.neptuneapp.xyz/demo-1/ltr/forms_controls_checkbox.html]
[demo.neptuneapp.xyz/demo-1/ltr/forms_controls_radio.html]
[demo.neptuneapp.xyz/demo-1/ltr/forms_controls_switch.html]
[demo.neptuneapp.xyz/demo-1/ltr/forms_widgets_picker.html]
[demo.neptuneapp.xyz/demo-1/ltr/forms_widgets_tagify.html]
[demo.neptuneapp.xyz/demo-1/ltr/forms_widgets_touch_spin.html]
[demo.neptuneapp.xyz/demo-1/ltr/forms_widgets_maxlength.html]
[demo.neptuneapp.xyz/demo-1/ltr/forms_widgets_switch.html]
[demo.neptuneapp.xyz/demo-1/ltr/forms_widgets_select_splitter.html]
[demo.neptuneapp.xyz/demo-1/ltr/forms_widgets_bootstrap_select.html]
[demo.neptuneapp.xyz/demo-1/ltr/forms_widgets_select_2.html]
[demo.neptuneapp.xyz/demo-1/ltr/forms_widgets_input_masks.html]
[demo.neptuneapp.xyz/demo-1/ltr/forms_widgets_autogrow.html]
[demo.neptuneapp.xyz/demo-1/ltr/forms_widgets_range_slider.html]
[demo.neptuneapp.xyz/demo-1/ltr/forms_widgets_clipboard.html]
[demo.neptuneapp.xyz/demo-1/ltr/forms_widgets_typeahead.html]
[demo.neptuneapp.xyz/demo-1/ltr/forms_widgets_captcha.html]
[demo.neptuneapp.xyz/demo-1/ltr/forms_validation.html]
[demo.neptuneapp.xyz/demo-1/ltr/forms_layouts.html]
[demo.neptuneapp.xyz/demo-1/ltr/forms_text_editor.html]
[demo.neptuneapp.xyz/demo-1/ltr/forms_file_upload.html]
[demo.neptuneapp.xyz/demo-1/ltr/forms_multiple_step.html]
[demo.neptuneapp.xyz/demo-1/ltr/maps_leaflet_map.html]
[demo.neptuneapp.xyz/demo-1/ltr/maps_vector_map.html]
[demo.neptuneapp.xyz/demo-1/ltr/charts_apex_chart.html]
[demo.neptuneapp.xyz/demo-1/ltr/charts_chartlist.html]
[demo.neptuneapp.xyz/demo-1/ltr/charts_chartjs.html]
[demo.neptuneapp.xyz/demo-1/ltr/charts_morris_chart.html]
[demo.neptuneapp.xyz/demo-1/ltr/starter_kit_blank_page.html]
[demo.neptuneapp.xyz/demo-1/ltr/starter_kit_breadcrumbs.html]
[demo.neptuneapp.xyz/common-assets/img/trophy.png]
[demo.neptuneapp.xyz/common-assets/img/profile-1.jpg]
[demo.neptuneapp.xyz/common-assets/img/profile-4.jpg]
[demo.neptuneapp.xyz/common-assets/img/profile-5.jpg]
[demo.neptuneapp.xyz/common-assets/img/profile-6.jpg]
[demo.neptuneapp.xyz/common-assets/img/profile-2.jpg]
[demo.neptuneapp.xyz/common-assets/img/profile-3.jpg]
[demo.neptuneapp.xyz/common-assets/img/profile-7.jpg]
[demo.neptuneapp.xyz/common-assets/img/profile-8.jpg]
[demo.neptuneapp.xyz/common-assets/img/profile-12.jpg]
[demo.neptuneapp.xyz/common-assets/img/profile-13.jpg]
[demo.neptuneapp.xyz/common-assets/img/profile-14.jpg]
[demo.neptuneapp.xyz/common-assets/img/star.png]
[demo.neptuneapp.xyz/common-assets/bootstrap/js/popper.min.js]
[demo.neptuneapp.xyz/demo-1/ltr/assets/js/app.js]
[demo.neptuneapp.xyz/common-assets/plugins/perfect-scrollbar/perfect-scrollbar.min.js]
[demo.neptuneapp.xyz/demo-1/ltr/assets/js/custom.js]
[demo.neptuneapp.xyz/common-assets/bootstrap/js/bootstrap.min.js]
[demo.neptuneapp.xyz/demo-1/ltr/assets/js/loader.js]
[demo.neptuneapp.xyz/demo-1/ltr/assets/js/libs/jquery-3.1.1.min.js]
[demo.neptuneapp.xyz/demo-1/ltr/index.html]
[demo.neptuneapp.xyz/common-assets/bootstrap/css/bootstrap.min.css]
[demo.neptuneapp.xyz/demo-1/ltr/assets/css/main.css]
[demo.neptuneapp.xyz/demo-1/ltr/assets/css/structure.css]
[demo.neptuneapp.xyz/common-assets/plugins/perfect-scrollbar/perfect-scrollbar.css]
[demo.neptuneapp.xyz/common-assets/plugins/highlight/styles/monokai-sublime.css]
[maxst.icons8.com/vue-static/landings/line-awesome/line-awesome/1.3.0/css/line-awesome.min.css]
[demo.neptuneapp.xyz/demo-1/ltr/assets/css/loader.css]
[demo.neptuneapp.xyz/common-assets/plugins/apex/apexcharts.css]
[demo.neptuneapp.xyz/demo-1/ltr/assets/css/dashboard/dashboard_1.css]
[demo.neptuneapp.xyz/common-assets/plugins/flatpickr/flatpickr.css]
[demo.neptuneapp.xyz/common-assets/plugins/flatpickr/custom-flatpickr.css]
[demo.neptuneapp.xyz/demo-1/ltr/assets/css/elements/tooltip.css]
[demo.neptuneapp.xyz/demo-1/ltr/assets/js/dashboard/dashboard_1.js]
[demo.neptuneapp.xyz/demo-1/ltr/assets/css/ui-elements/pagination.css]
[demo.neptuneapp.xyz/common-assets/plugins/jquery-ui/jquery-ui.min.css]
[demo.neptuneapp.xyz/demo-1/ltr/assets/css/apps/ecommerce.css]
[demo.neptuneapp.xyz/common-assets/plugins/flatpickr/flatpickr.js]
[demo.neptuneapp.xyz/demo-1/ltr/apps_ecommerce.html]
[demo.neptuneapp.xyz/demo-1/ltr/assets/js/apps/ecommerce.js]
[demo.neptuneapp.xyz/demo-1/ltr/assets/css/apps/chat.css]
[demo.neptuneapp.xyz/common-assets/plugins/animate/animate.css]
[demo.neptuneapp.xyz/common-assets/img/profile-15.jpg]
[demo.neptuneapp.xyz/common-assets/img/profile-17.jpg]
[demo.neptuneapp.xyz/common-assets/img/profile-18.jpg]
[demo.neptuneapp.xyz/common-assets/img/profile-22.jpg]
[demo.neptuneapp.xyz/common-assets/img/profile-32.jpg]
[demo.neptuneapp.xyz/common-assets/img/profile-29.jpg]
[demo.neptuneapp.xyz/common-assets/img/profile-19.jpg]
[demo.neptuneapp.xyz/common-assets/img/profile-26.jpg]
[demo.neptuneapp.xyz/common-assets/img/profile-28.jpg]
[demo.neptuneapp.xyz/common-assets/img/video-chat-2.jpg]
[demo.neptuneapp.xyz/demo-1/ltr/apps_chat.html]
[demo.neptuneapp.xyz/demo-1/ltr/assets/js/apps/mailbox-chat.js]
[demo.neptuneapp.xyz/demo-1/ltr/assets/css/apps/mailbox.css]
[demo.neptuneapp.xyz/demo-1/ltr/assets/js/apps/custom-mailbox.js]
[demo.neptuneapp.xyz/demo-1/ltr/apps_mail.html]
[demo.neptuneapp.xyz/demo-1/ltr/assets/css/apps/file-manager.css]
[demo.neptuneapp.xyz/common-assets/plugins/bootstrap-select/bootstrap-select.min.css]
[demo.neptuneapp.xyz/common-assets/img/profile-21.jpg]
[demo.neptuneapp.xyz/common-assets/plugins/jquery-ui/jquery-ui.min.js]
[demo.neptuneapp.xyz/demo-1/ltr/assets/js/apps/file-manager.js]
[demo.neptuneapp.xyz/common-assets/plugins/apex/apexcharts.min.js]
[demo.neptuneapp.xyz/demo-1/ltr/apps_file_manager.html]
[demo.neptuneapp.xyz/common-assets/plugins/fullcalendar/fullcalendar.css]
[demo.neptuneapp.xyz/common-assets/plugins/fullcalendar/custom-fullcalendar.advance.css]
[demo.neptuneapp.xyz/demo-1/ltr/assets/css/forms/theme-checkbox-radio.css]
[demo.neptuneapp.xyz/common-assets/plugins/bootstrap-select/bootstrap-select.min.js]
[demo.neptuneapp.xyz/demo-1/ltr/apps_calendar.html]
[demo.neptuneapp.xyz/demo-1/ltr/assets/css/apps/notes.css]
[demo.neptuneapp.xyz/common-assets/plugins/fullcalendar/custom-fullcalendar.advance.js]
[demo.neptuneapp.xyz/demo-1/ltr/assets/js/ie11fix/fn.fix-padStart.js]
[demo.neptuneapp.xyz/common-assets/plugins/fullcalendar/moment.min.js]
[demo.neptuneapp.xyz/demo-1/ltr/assets/js/apps/notes.js]
[demo.neptuneapp.xyz/demo-1/ltr/apps_notes.html]
[demo.neptuneapp.xyz/demo-1/ltr/assets/css/pages/contact_us.css]
[demo.neptuneapp.xyz/common-assets/plugins/fullcalendar/fullcalendar.min.js]
[demo.neptuneapp.xyz/common-assets/img/contact_us_bg_1.png]
[demo.neptuneapp.xyz/common-assets/img/contact_us_bg_3.jpg]
[demo.neptuneapp.xyz/demo-1/ltr/pages_contact_us.html]
[demo.neptuneapp.xyz/demo-1/ltr/assets/css/pages/faq/faq.css]
[demo.neptuneapp.xyz/demo-1/ltr/assets/js/pages/faq/faq.js]
[demo.neptuneapp.xyz/demo-1/ltr/pages_faq.html]
[demo.neptuneapp.xyz/demo-1/ltr/assets/css/pages/helpdesk.css]
[demo.neptuneapp.xyz/common-assets/img/lightbox-1.jpg]
[demo.neptuneapp.xyz/common-assets/img/profile-23.jpg]
[demo.neptuneapp.xyz/common-assets/img/profile-20.jpg]
[demo.neptuneapp.xyz/common-assets/img/profile-24.jpg]
[demo.neptuneapp.xyz/common-assets/img/profile-25.jpg]
[demo.neptuneapp.xyz/demo-1/ltr/assets/js/pages/helpdesk.js]
[demo.neptuneapp.xyz/demo-1/ltr/pages_helpdesk.html]
[demo.neptuneapp.xyz/demo-1/ltr/assets/css/pages/pricing.css]
[demo.neptuneapp.xyz/demo-1/ltr/pages_pricing_2.html]
[demo.neptuneapp.xyz/demo-1/ltr/assets/js/pages/pricing.js]
[demo.neptuneapp.xyz/demo-1/ltr/assets/css/pages/search_result.css]
[demo.neptuneapp.xyz/common-assets/img/lightbox-8.jpg]
[demo.neptuneapp.xyz/demo-1/ltr/pages_search_result.html]
[demo.neptuneapp.xyz/demo-1/ltr/assets/css/pages/privacy_policy.css]
[demo.neptuneapp.xyz/common-assets/img/privacy-img.png]
[demo.neptuneapp.xyz/common-assets/img/terms-img.png]
[demo.neptuneapp.xyz/demo-1/ltr/pages_privacy_policy.html]
[demo.neptuneapp.xyz/demo-1/ltr/apps_ecommerce_orders.html]
[demo.neptuneapp.xyz/demo-1/ltr/assets/css/apps/tickets.css]
[demo.neptuneapp.xyz/demo-1/ltr/assets/js/apps/tickets.js]
[demo.neptuneapp.xyz/demo-1/ltr/apps_tickets.html]
[demo.neptuneapp.xyz/demo-1/ltr/assets/css/pages/notifications.css]
[demo.neptuneapp.xyz/demo-1/ltr/assets/css/forms/switch-theme.css]
[demo.neptuneapp.xyz/demo-1/ltr/pages_notifications.html]
[demo.neptuneapp.xyz/demo-1/ltr/assets/css/pages/profile.css]
[demo.neptuneapp.xyz/common-assets/img/1.jpg]
[demo.neptuneapp.xyz/common-assets/img/product-1.jpg]
[demo.neptuneapp.xyz/common-assets/img/product-2.jpg]
[demo.neptuneapp.xyz/common-assets/img/product-3.jpg]
[demo.neptuneapp.xyz/common-assets/img/product-4.jpg]
[demo.neptuneapp.xyz/common-assets/img/product-5.jpg]
[demo.neptuneapp.xyz/common-assets/img/lightbox-9.jpg]
[demo.neptuneapp.xyz/common-assets/img/lightbox-3.jpg]
[demo.neptuneapp.xyz/demo-1/ltr/pages_profile.html]
[demo.neptuneapp.xyz/demo-1/ltr/assets/css/pages/timeline.css]
[demo.neptuneapp.xyz/common-assets/img/lightbox-2.jpg]
[demo.neptuneapp.xyz/common-assets/img/lightbox-4.jpg]
[demo.neptuneapp.xyz/demo-1/ltr/pages_timeline.html]
[demo.neptuneapp.xyz/demo-1/ltr/assets/css/authentication/auth_3.css]
[demo.neptuneapp.xyz/demo-1/ltr/auth_lock_screen_3.html]
[demo.neptuneapp.xyz/demo-1/ltr/assets/js/authentication/auth_2.js]
[demo.neptuneapp.xyz/demo-1/ltr/auth_login_3.html]
[demo.neptuneapp.xyz/demo-1/ltr/assets/css/dashboard/dashboard_2.css]
[demo.neptuneapp.xyz/common-assets/img/dashboard-image-uw.png]
[demo.neptuneapp.xyz/demo-1/ltr/assets/js/dashboard/dashboard_2.js]
[demo.neptuneapp.xyz/demo-1/ltr/index-2.html]
[demo.neptuneapp.xyz/demo-1/ltr/assets/css/dashboard/dashboard_3.css]
[demo.neptuneapp.xyz/common-assets/img/2.jpg]
[demo.neptuneapp.xyz/common-assets/img/3.jpg]
[demo.neptuneapp.xyz/common-assets/img/apple-desktop.png]
[demo.neptuneapp.xyz/common-assets/img/apple-phone.png]
[demo.neptuneapp.xyz/common-assets/img/apple-watch.png]
[demo.neptuneapp.xyz/demo-1/ltr/assets/js/dashboard/dashboard_3.js]
[demo.neptuneapp.xyz/common-assets/plugins/counter/jquery.countTo.js]
[demo.neptuneapp.xyz/demo-1/ltr/assets/js/components/custom-counter.js]
[demo.neptuneapp.xyz/demo-1/ltr/index-3.html]
[demo.neptuneapp.xyz/demo-1/ltr/assets/css/dashboard/dashboard_4.css]
[demo.neptuneapp.xyz/demo-1/ltr/index-4.html]
[demo.neptuneapp.xyz/demo-1/ltr/assets/js/dashboard/dashboard_4.js]
[demo.neptuneapp.xyz/demo-1/ltr/assets/css/dashboard/dashboard_5.css]
[demo.neptuneapp.xyz/demo-1/ltr/index-5.html]
[demo.neptuneapp.xyz/demo-1/ltr/assets/js/dashboard/dashboard_5.js]
[demo.neptuneapp.xyz/demo-1/ltr/assets/css/apps/companies.css]
[demo.neptuneapp.xyz/common-assets/img/company-7.jpg]
[demo.neptuneapp.xyz/common-assets/img/company-8.jpg]
[demo.neptuneapp.xyz/demo-1/ltr/assets/js/apps/companies.js]
[demo.neptuneapp.xyz/demo-1/ltr/apps_companies.html]
[demo.neptuneapp.xyz/demo-1/ltr/apps_company_details.html]
[demo.neptuneapp.xyz/demo-1/ltr/assets/css/apps/contacts.css]
[demo.neptuneapp.xyz/demo-1/ltr/assets/js/apps/contact.js]
[demo.neptuneapp.xyz/demo-1/ltr/apps_contacts.html]
[demo.neptuneapp.xyz/demo-1/ltr/apps_ecommerce_products.html]
[demo.neptuneapp.xyz/common-assets/img/product-detail-1.jpg]
[demo.neptuneapp.xyz/common-assets/img/product-detail-2.jpg]
[demo.neptuneapp.xyz/common-assets/img/product-detail-3.jpg]
[demo.neptuneapp.xyz/common-assets/img/product-detail-4.jpg]
[demo.neptuneapp.xyz/demo-1/ltr/apps_ecommerce_product_details.html]
[demo.neptuneapp.xyz/common-assets/plugins/dropzone/dropzone.min.css]
[demo.neptuneapp.xyz/demo-1/ltr/apps_ecommerce_add_product.html]
[demo.neptuneapp.xyz/demo-1/ltr/apps_ecommerce_order_details.html]
[demo.neptuneapp.xyz/demo-1/ltr/apps_ecommerce_customers.html]
[demo.neptuneapp.xyz/demo-1/ltr/apps_ecommerce_sellers.html]
[demo.neptuneapp.xyz/demo-1/ltr/apps_ecommerce_cart.html]
[demo.neptuneapp.xyz/demo-1/ltr/apps_ecommerce_checkout.html]
[demo.neptuneapp.xyz/demo-1/ltr/apps_mail_details.html]
[demo.neptuneapp.xyz/common-assets/plugins/editors/markdown/simplemde.min.css]
[demo.neptuneapp.xyz/common-assets/plugins/dropzone/dropzone.min.js]
[demo.neptuneapp.xyz/common-assets/plugins/editors/markdown/custom-markdown.js]
[demo.neptuneapp.xyz/demo-1/ltr/apps_mail_create.html]
[demo.neptuneapp.xyz/demo-1/ltr/assets/css/apps/invoice.css]
[demo.neptuneapp.xyz/demo-1/ltr/apps_invoice.html]
[demo.neptuneapp.xyz/demo-1/ltr/apps_notes_details.html]
[demo.neptuneapp.xyz/demo-1/ltr/apps_notes_create.html]
[demo.neptuneapp.xyz/demo-1/ltr/assets/js/apps/invoice.js]
[demo.neptuneapp.xyz/demo-1/ltr/assets/css/apps/social.css]
[demo.neptuneapp.xyz/common-assets/img/plus.png]
[demo.neptuneapp.xyz/common-assets/img/lightbox-5.jpg]
[demo.neptuneapp.xyz/common-assets/img/lightbox-7.jpg]
[demo.neptuneapp.xyz/common-assets/img/lightbox-6.jpg]
[demo.neptuneapp.xyz/common-assets/plugins/editors/markdown/simplemde.min.js]
[demo.neptuneapp.xyz/common-assets/img/headphones.jpg]
[demo.neptuneapp.xyz/common-assets/img/laptop.jpg]
[demo.neptuneapp.xyz/demo-1/ltr/apps_social.html]
[demo.neptuneapp.xyz/common-assets/plugins/editors/quill/quill.snow.css]
[demo.neptuneapp.xyz/demo-1/ltr/assets/css/apps/tasklist.css]
[demo.neptuneapp.xyz/demo-1/ltr/apps_taskList.html]
[demo.neptuneapp.xyz/demo-1/ltr/assets/js/apps/taskList.js]
[demo.neptuneapp.xyz/demo-1/ltr/apps_ticket_details.html]
[demo.neptuneapp.xyz/common-assets/plugins/owl-carousel/owl.carousel.min.css]
[demo.neptuneapp.xyz/common-assets/plugins/owl-carousel/owl.theme.default.min.css]
[demo.neptuneapp.xyz/demo-1/ltr/assets/css/authentication/auth_1.css]
[demo.neptuneapp.xyz/common-assets/plugins/owl-carousel/owl.carousel.min.js]
[demo.neptuneapp.xyz/common-assets/plugins/owl-carousel/owl.carousel.js]
[demo.neptuneapp.xyz/demo-1/ltr/assets/js/authentication/auth_1.js]
[demo.neptuneapp.xyz/demo-1/ltr/auth_login_1.html]
[demo.neptuneapp.xyz/demo-1/ltr/auth_signup_1.html]
[demo.neptuneapp.xyz/demo-1/ltr/auth_lock_screen_1.html]
[demo.neptuneapp.xyz/demo-1/ltr/auth_forget_password_1.html]
[demo.neptuneapp.xyz/demo-1/ltr/auth_confirm_email_1.html]
[demo.neptuneapp.xyz/demo-1/ltr/assets/css/authentication/auth_2.css]
[demo.neptuneapp.xyz/common-assets/img/logo_white_transparent.png]
[demo.neptuneapp.xyz/demo-1/ltr/auth_login_2.html]
[demo.neptuneapp.xyz/demo-1/ltr/auth_signup_2.html]
[demo.neptuneapp.xyz/demo-1/ltr/auth_lock_screen_2.html]
[demo.neptuneapp.xyz/demo-1/ltr/auth_forget_password_2.html]
[demo.neptuneapp.xyz/demo-1/ltr/auth_confirm_email_2.html]
[demo.neptuneapp.xyz/demo-1/ltr/auth_signup_3.html]
[demo.neptuneapp.xyz/demo-1/ltr/auth_forget_password_3.html]
[demo.neptuneapp.xyz/demo-1/ltr/auth_confirm_email_3.html]
[demo.neptuneapp.xyz/demo-1/ltr/assets/css/pages/coming-soon/style.css]
[demo.neptuneapp.xyz/common-assets/img/coming-soon-bg-1.png]
[demo.neptuneapp.xyz/demo-1/ltr/pages_coming_soon.html]
[demo.neptuneapp.xyz/demo-1/ltr/assets/css/pages/coming-soon/style2.css]
[demo.neptuneapp.xyz/demo-1/ltr/assets/js/pages/coming-soon/coming-soon2.js]
[demo.neptuneapp.xyz/demo-1/ltr/pages_coming_soon_2.html]
[demo.neptuneapp.xyz/demo-1/ltr/assets/css/pages/contact_us_2.css]
[demo.neptuneapp.xyz/demo-1/ltr/pages_contact_us_2.html]
[demo.neptuneapp.xyz/common-assets/img/error-404-1.jpg]
[demo.neptuneapp.xyz/common-assets/plugins/editors/quill/quill.js]
[demo.neptuneapp.xyz/demo-1/ltr/pages_error404.html]
[demo.neptuneapp.xyz/common-assets/img/error-500-1.jpg]
[demo.neptuneapp.xyz/demo-1/ltr/pages_error500.html]
[demo.neptuneapp.xyz/common-assets/img/error-503-1.jpg]
[demo.neptuneapp.xyz/demo-1/ltr/pages_error503.html]
[demo.neptuneapp.xyz/common-assets/img/error-maintainence-1.jpg]
[demo.neptuneapp.xyz/demo-1/ltr/pages_maintenance.html]
[demo.neptuneapp.xyz/demo-1/ltr/assets/css/pages/error/error_2.css]
[demo.neptuneapp.xyz/demo-1/ltr/pages_error404_2.html]
[demo.neptuneapp.xyz/demo-1/ltr/pages_error500_2.html]
[demo.neptuneapp.xyz/demo-1/ltr/pages_error503_2.html]
[demo.neptuneapp.xyz/demo-1/ltr/pages_maintenance_2.html]
[demo.neptuneapp.xyz/demo-1/ltr/assets/css/pages/faq/faq2.css]
[demo.neptuneapp.xyz/common-assets/img/baloon.png]
[demo.neptuneapp.xyz/demo-1/ltr/pages_faq_2.html]
[demo.neptuneapp.xyz/demo-1/ltr/assets/css/pages/faq/faq3.css]
[demo.neptuneapp.xyz/demo-1/ltr/pages_faq_3.html]
[demo.neptuneapp.xyz/demo-1/ltr/pages_pricing.html]
[demo.neptuneapp.xyz/common-assets/plugins/dropify/dropify.min.css]
[demo.neptuneapp.xyz/demo-1/ltr/assets/css/pages/profile_edit.css]
[demo.neptuneapp.xyz/common-assets/plugins/dropify/dropify.min.js]
[demo.neptuneapp.xyz/demo-1/ltr/assets/js/pages/profile_edit.js]
[demo.neptuneapp.xyz/demo-1/ltr/pages_profile_edit.html]
[demo.neptuneapp.xyz/demo-1/ltr/pages_search_result_2.html]
[demo.neptuneapp.xyz/demo-1/ltr/assets/css/pages/sitemap.css]
[demo.neptuneapp.xyz/demo-1/ltr/pages_sitemap.html]
[demo.neptuneapp.xyz/demo-1/ltr/assets/css/basic-ui/accordion.css]
[demo.neptuneapp.xyz/demo-1/ltr/basic_ui_accordion.html]
[demo.neptuneapp.xyz/demo-1/ltr/assets/css/animate.min.css]
[demo.neptuneapp.xyz/demo-1/ltr/assets/css/basic-ui/animation.css]
[demo.neptuneapp.xyz/demo-1/ltr/assets/js/basicui/animation.js]
[demo.neptuneapp.xyz/demo-1/ltr/basic_ui_animation.html]
[demo.neptuneapp.xyz/demo-1/ltr/basic_ui_cards.html]
[demo.neptuneapp.xyz/demo-1/ltr/assets/css/basic-ui/custom-carousel.css]
[demo.neptuneapp.xyz/demo-1/ltr/basic_ui_carousel.html]
[demo.neptuneapp.xyz/demo-1/ltr/assets/css/basic-ui/custom_countdown.css]
[demo.neptuneapp.xyz/common-assets/plugins/countdown/jquery.countdown.min.js]
[demo.neptuneapp.xyz/demo-1/ltr/assets/js/basicui/custom-countdown.js]
[demo.neptuneapp.xyz/demo-1/ltr/basic_ui_countdown.html]
[demo.neptuneapp.xyz/demo-1/ltr/assets/css/basic-ui/custom_counter.css]
[demo.neptuneapp.xyz/demo-1/ltr/assets/js/basicui/counter.js]
[demo.neptuneapp.xyz/demo-1/ltr/basic_ui_counter.html]
[demo.neptuneapp.xyz/common-assets/plugins/dragitems/dragula.css]
[demo.neptuneapp.xyz/common-assets/plugins/dragitems/example.css]
[demo.neptuneapp.xyz/common-assets/plugins/dragitems/dragula.min.js]
[demo.neptuneapp.xyz/common-assets/plugins/dragitems/custom-dragula.js]
[demo.neptuneapp.xyz/demo-1/ltr/basic_ui_dragitems.html]
[demo.neptuneapp.xyz/demo-1/ltr/assets/css/basic-ui/custom_lightbox.css]
[demo.neptuneapp.xyz/common-assets/plugins/lightbox/css/lightgallery.css]
[demo.neptuneapp.xyz/common-assets/plugins/lightbox/js/lightgallery-all.min.js]
[demo.neptuneapp.xyz/common-assets/plugins/lightbox/js/jquery.mousewheel.min.js]
[demo.neptuneapp.xyz/demo-1/ltr/basic_ui_lightbox.html]
[demo.neptuneapp.xyz/demo-1/ltr/assets/css/basic-ui/custom_lightbox_side_open.css]
[demo.neptuneapp.xyz/common-assets/plugins/lightbox-side-open/strip.css]
[demo.neptuneapp.xyz/demo-1/ltr/basic_ui_lightbox_side_open.html]
[demo.neptuneapp.xyz/demo-1/ltr/assets/css/basic-ui/list_groups.css]
[demo.neptuneapp.xyz/demo-1/ltr/basic_ui_list_groups.html]
[demo.neptuneapp.xyz/common-assets/plugins/lightbox-side-open/strip.pkgd.min.js]
[demo.neptuneapp.xyz/demo-1/ltr/assets/css/basic-ui/custom_media_object.css]
[demo.neptuneapp.xyz/demo-1/ltr/basic_ui_media_object.html]
[demo.neptuneapp.xyz/demo-1/ltr/basic_ui_modals.html]
[demo.neptuneapp.xyz/common-assets/plugins/notification/snackbar/snackbar.min.css]
[demo.neptuneapp.xyz/common-assets/plugins/notification/snackbar/snackbar.min.js]
[demo.neptuneapp.xyz/demo-1/ltr/assets/js/basicui/notifications.js]
[demo.neptuneapp.xyz/demo-1/ltr/basic_ui_notifications.html]
[demo.neptuneapp.xyz/demo-1/ltr/assets/css/basic-ui/scrollspy.css]
[demo.neptuneapp.xyz/demo-1/ltr/basic_ui_scrollspy.html]
[demo.neptuneapp.xyz/demo-1/ltr/assets/js/basicui/session-timeout/bootstrap-session-timeout.js]
[demo.neptuneapp.xyz/demo-1/ltr/assets/js/basicui/session-timeout/custom-bootstrap_session_timeout.js]
[demo.neptuneapp.xyz/demo-1/ltr/basic_ui_session_timeout.html]
[demo.neptuneapp.xyz/common-assets/plugins/sweetalerts/promise-polyfill.js]
[demo.neptuneapp.xyz/common-assets/plugins/sweetalerts/sweetalert2.min.css]
[demo.neptuneapp.xyz/common-assets/plugins/sweetalerts/sweetalert.css]
[demo.neptuneapp.xyz/demo-1/ltr/assets/css/basic-ui/custom_sweetalert.css]
[demo.neptuneapp.xyz/common-assets/plugins/sweetalerts/sweetalert2.min.js]
[demo.neptuneapp.xyz/demo-1/ltr/assets/js/basicui/sweet_alerts.js]
[demo.neptuneapp.xyz/demo-1/ltr/basic_ui_sweet_alerts.html]
[demo.neptuneapp.xyz/demo-1/ltr/assets/css/basic-ui/tabs.css]
[demo.neptuneapp.xyz/demo-1/ltr/basic_ui_tabs.html]
[demo.neptuneapp.xyz/demo-1/ltr/assets/css/basic-ui/tour_tutorial.css]
[demo.neptuneapp.xyz/common-assets/plugins/hopscotch/hopscotch.min.css]
[demo.neptuneapp.xyz/common-assets/plugins/hopscotch/hopscotch.js]
[demo.neptuneapp.xyz/demo-1/ltr/assets/js/basicui/tour_tutorial.js]
[demo.neptuneapp.xyz/demo-1/ltr/basic_ui_tour_tutorial.html]
[demo.neptuneapp.xyz/demo-1/ltr/assets/css/ui-elements/alert.css]
[demo.neptuneapp.xyz/demo-1/ltr/ui_elements_alerts.html]
[demo.neptuneapp.xyz/demo-1/ltr/assets/css/ui-elements/avatar.css]
[demo.neptuneapp.xyz/demo-1/ltr/ui_elements_avatar.html]
[demo.neptuneapp.xyz/demo-1/ltr/ui_elements_badges.html]
[demo.neptuneapp.xyz/demo-1/ltr/assets/css/ui-elements/breadcrumbs.css]
[demo.neptuneapp.xyz/demo-1/ltr/ui_elements_breadcrumbs.html]
[demo.neptuneapp.xyz/demo-1/ltr/assets/css/ui-elements/buttons.css]
[demo.neptuneapp.xyz/demo-1/ltr/ui_elements_buttons.html]
[demo.neptuneapp.xyz/demo-1/ltr/ui_elements_colors.html]
[demo.neptuneapp.xyz/demo-1/ltr/assets/css/ui-elements/dropdown.css]
[demo.neptuneapp.xyz/demo-1/ltr/ui_elements_dropdowns.html]
[demo.neptuneapp.xyz/demo-1/ltr/ui_elements_grid.html]
[demo.neptuneapp.xyz/demo-1/ltr/ui_elements_jumbotron.html]
[demo.neptuneapp.xyz/demo-1/ltr/ui_elements_list_group.html]
[demo.neptuneapp.xyz/demo-1/ltr/assets/css/ui-elements/loading-spinners.css]
[demo.neptuneapp.xyz/demo-1/ltr/ui_elements_loading_spinners.html]
[demo.neptuneapp.xyz/demo-1/ltr/ui_elements_pagination.html]
[demo.neptuneapp.xyz/demo-1/ltr/ui_elements_popovers.html]
[demo.neptuneapp.xyz/demo-1/ltr/ui_elements_progress_bar.html]
[demo.neptuneapp.xyz/demo-1/ltr/assets/css/ui-elements/ribbons.css]
[demo.neptuneapp.xyz/demo-1/ltr/ui_elements_ribbons.html]
[demo.neptuneapp.xyz/demo-1/ltr/assets/css/ui-elements/tooltip.css]
[demo.neptuneapp.xyz/demo-1/ltr/assets/js/ui-elements/tippy-tooltip.js]
[demo.neptuneapp.xyz/demo-1/ltr/ui_elements_tooltips.html]
[demo.neptuneapp.xyz/demo-1/ltr/ui_elements_typography.html]
[demo.neptuneapp.xyz/demo-1/ltr/ui_elements_video.html]
[demo.neptuneapp.xyz/demo-1/ltr/widgets.html]
[demo.neptuneapp.xyz/demo-1/ltr/assets/css/tables/tables.css]
[demo.neptuneapp.xyz/demo-1/ltr/tables.html]
[demo.neptuneapp.xyz/common-assets/plugins/table/datatable/datatables.css]
[demo.neptuneapp.xyz/common-assets/plugins/table/datatable/dt-global_style.css]
[demo.neptuneapp.xyz/common-assets/plugins/table/datatable/button-ext/dataTables.buttons.min.js]
[demo.neptuneapp.xyz/common-assets/plugins/table/datatable/button-ext/buttons.print.min.js]
[demo.neptuneapp.xyz/common-assets/plugins/table/datatable/button-ext/buttons.html5.min.js]
[demo.neptuneapp.xyz/demo-1/ltr/datatables.html]
[demo.neptuneapp.xyz/common-assets/plugins/table/datatable/button-ext/jszip.min.js]
[demo.neptuneapp.xyz/demo-1/ltr/forms_controls_base_input.html]
[demo.neptuneapp.xyz/demo-1/ltr/forms_controls_input_groups.html]
[demo.neptuneapp.xyz/demo-1/ltr/assets/css/forms/checkbox-theme.css]
[demo.neptuneapp.xyz/demo-1/ltr/forms_controls_checkbox.html]
[demo.neptuneapp.xyz/demo-1/ltr/assets/css/forms/radio-theme.css]
[demo.neptuneapp.xyz/demo-1/ltr/forms_controls_radio.html]
[demo.neptuneapp.xyz/demo-1/ltr/assets/css/forms/form-widgets.css]
[demo.neptuneapp.xyz/demo-1/ltr/forms_controls_switch.html]
[demo.neptuneapp.xyz/common-assets/plugins/flatpickr/custom-flatpickr.js]
[demo.neptuneapp.xyz/demo-1/ltr/forms_widgets_picker.html]
[demo.neptuneapp.xyz/common-assets/plugins/tagify/tagify.css]
[demo.neptuneapp.xyz/demo-1/ltr/assets/css/forms/custom-tagify.css]
[demo.neptuneapp.xyz/common-assets/plugins/tagify/tagify.min.js]
[demo.neptuneapp.xyz/demo-1/ltr/assets/js/forms/custom-tagify.js]
[demo.neptuneapp.xyz/demo-1/ltr/forms_widgets_tagify.html]
[demo.neptuneapp.xyz/common-assets/plugins/bootstrap-touchspin/jquery.bootstrap-touchspin.min.css]
[demo.neptuneapp.xyz/common-assets/plugins/bootstrap-touchspin/jquery.bootstrap-touchspin.min.js]
[demo.neptuneapp.xyz/common-assets/plugins/table/datatable/datatables.js]
[demo.neptuneapp.xyz/demo-1/ltr/forms_widgets_touch_spin.html]
[demo.neptuneapp.xyz/demo-1/ltr/assets/js/forms/custom-bootstrap-touchspin.js]
[demo.neptuneapp.xyz/common-assets/plugins/maxlength/bootstrap-maxlength.min.js]
[demo.neptuneapp.xyz/demo-1/ltr/forms_widgets_maxlength.html]
[demo.neptuneapp.xyz/demo-1/ltr/assets/js/forms/custom-maxlength.js]
[demo.neptuneapp.xyz/demo-1/ltr/assets/css/forms/custom-switch.css]
[demo.neptuneapp.xyz/demo-1/ltr/forms_widgets_switch.html]
[demo.neptuneapp.xyz/common-assets/plugins/select-splitter/bootstrap-multiselectsplitter.min.js]
[demo.neptuneapp.xyz/demo-1/ltr/forms_widgets_select_splitter.html]
[demo.neptuneapp.xyz/demo-1/ltr/assets/js/forms/select-splitter.js]
[demo.neptuneapp.xyz/demo-1/ltr/forms_widgets_bootstrap_select.html]
[demo.neptuneapp.xyz/common-assets/plugins/select2/select2.min.css]
[demo.neptuneapp.xyz/demo-1/ltr/forms_widgets_select_2.html]
[demo.neptuneapp.xyz/demo-1/ltr/assets/js/forms/custom-select2.js]
[demo.neptuneapp.xyz/common-assets/plugins/select2/select2.min.js]
[demo.neptuneapp.xyz/demo-1/ltr/assets/js/forms/input-mask.js]
[demo.neptuneapp.xyz/demo-1/ltr/forms_widgets_input_masks.html]
[demo.neptuneapp.xyz/common-assets/plugins/autogrow/autosize.min.js]
[demo.neptuneapp.xyz/demo-1/ltr/forms_widgets_autogrow.html]
[demo.neptuneapp.xyz/common-assets/plugins/range-slider/ion.rangeSlider.min.css]
[demo.neptuneapp.xyz/common-assets/plugins/input-mask/jquery.inputmask.min.js]
[demo.neptuneapp.xyz/common-assets/plugins/range-slider/ion.rangeSlider.min.js]
[demo.neptuneapp.xyz/demo-1/ltr/assets/js/forms/custom-range-slider.js]
[demo.neptuneapp.xyz/demo-1/ltr/forms_widgets_range_slider.html]
[demo.neptuneapp.xyz/demo-1/ltr/forms_widgets_clipboard.html]
[demo.neptuneapp.xyz/common-assets/plugins/clipboard-js/clipboard.min.js]
[demo.neptuneapp.xyz/demo-1/ltr/forms_widgets_typeahead.html]
[demo.neptuneapp.xyz/demo-1/ltr/assets/js/forms/custom-typeahead.js]
[demo.neptuneapp.xyz/demo-1/ltr/assets/js/forms/captcha.js]
[demo.neptuneapp.xyz/demo-1/ltr/forms_widgets_captcha.html]
[demo.neptuneapp.xyz/demo-1/ltr/assets/js/forms/forms-validation.js]
[demo.neptuneapp.xyz/demo-1/ltr/forms_validation.html]
[demo.neptuneapp.xyz/demo-1/ltr/forms_layouts.html]
[demo.neptuneapp.xyz/common-assets/plugins/typehead/typeahead.bundle.js]
[demo.neptuneapp.xyz/demo-1/ltr/forms_text_editor.html]
[demo.neptuneapp.xyz/demo-1/ltr/assets/js/forms/forms-text-editor.js]
[demo.neptuneapp.xyz/demo-1/ltr/assets/css/forms/file-upload.css]
[demo.neptuneapp.xyz/demo-1/ltr/forms_file_upload.html]
[demo.neptuneapp.xyz/demo-1/ltr/assets/js/forms/file-upload.js]
[demo.neptuneapp.xyz/demo-1/ltr/assets/css/forms/multiple-step.css]
[demo.neptuneapp.xyz/common-assets/img/form-card-img.png]
[demo.neptuneapp.xyz/common-assets/img/form-pg-img.png]
[demo.neptuneapp.xyz/demo-1/ltr/assets/js/forms/multiple-step.js]
[demo.neptuneapp.xyz/demo-1/ltr/forms_multiple_step.html]
[demo.neptuneapp.xyz/common-assets/plugins/maps/leaflet-map/leaflet.css]
[demo.neptuneapp.xyz/demo-1/ltr/assets/js/maps/us-states.js]
[demo.neptuneapp.xyz/common-assets/plugins/maps/leaflet-map/leaflet.js]
[demo.neptuneapp.xyz/demo-1/ltr/assets/js/maps/leaflet-map.js]
[demo.neptuneapp.xyz/demo-1/ltr/maps_leaflet_map.html]
[demo.neptuneapp.xyz/common-assets/plugins/maps/vector-map/jquery-jvectormap-2.0.3.css]
[demo.neptuneapp.xyz/common-assets/plugins/maps/vector-map/jquery-jvectormap-2.0.3.min.js]
[demo.neptuneapp.xyz/demo-1/ltr/assets/js/maps/eu-countries.js]
[demo.neptuneapp.xyz/common-assets/plugins/maps/vector-map/africa/jquery-jvectormap-africa-en.js]
[demo.neptuneapp.xyz/common-assets/plugins/maps/vector-map/continents/jquery-jvectormap-continents-en.js]
[demo.neptuneapp.xyz/common-assets/plugins/maps/vector-map/asia/jquery-jvectormap-asia-en.js]
[demo.neptuneapp.xyz/common-assets/plugins/maps/vector-map/europe/jquery-jvectormap-europe-en.js]
[demo.neptuneapp.xyz/common-assets/plugins/maps/vector-map/north_america/jquery-jvectormap-north-america-en.js]
[demo.neptuneapp.xyz/common-assets/plugins/maps/vector-map/oceania/jquery-jvectormap-oceanina-en.js]
[demo.neptuneapp.xyz/common-assets/plugins/maps/vector-map/south-america/jquery-jvectormap-south-america-en.js]
[demo.neptuneapp.xyz/common-assets/plugins/maps/vector-map/jvector_script.js]
[demo.neptuneapp.xyz/demo-1/ltr/maps_vector_map.html]
[demo.neptuneapp.xyz/demo-1/ltr/assets/js/charts/apex-chart.js]
[demo.neptuneapp.xyz/demo-1/ltr/charts_apex_chart.html]
[demo.neptuneapp.xyz/common-assets/plugins/chartlist/chartist.min.css]
[demo.neptuneapp.xyz/common-assets/plugins/table/datatable/button-ext/vfs_fonts.js]
[demo.neptuneapp.xyz/common-assets/plugins/maps/vector-map/worldmap_script/jquery-jvectormap-world-mill-en.js]
[demo.neptuneapp.xyz/demo-1/ltr/charts_chartlist.html]
[demo.neptuneapp.xyz/common-assets/plugins/chartlist/chartist.min.js]
[demo.neptuneapp.xyz/demo-1/ltr/assets/js/charts/chartlist.js]
[demo.neptuneapp.xyz/common-assets/plugins/chartjs/utils.js]
[demo.neptuneapp.xyz/demo-1/ltr/charts_chartjs.html]
[demo.neptuneapp.xyz/demo-1/ltr/assets/js/charts/chart-js.js]
[demo.neptuneapp.xyz/common-assets/plugins/morris-chart/morris.css]
[demo.neptuneapp.xyz/common-assets/plugins/morris-chart/morris.js]
[demo.neptuneapp.xyz/demo-1/ltr/assets/js/charts/morris-chart.js]
[demo.neptuneapp.xyz/demo-1/ltr/charts_morris_chart.html]
[demo.neptuneapp.xyz/demo-1/ltr/starter_kit_blank_page.html]
[demo.neptuneapp.xyz/demo-1/ltr/starter_kit_breadcrumbs.html]
[demo.neptuneapp.xyz/demo-1/ltr/assets/img/arrow-down.html]
[demo.neptuneapp.xyz/demo-1/ltr/assets/css/ui-elements/pagination.css]
[demo.neptuneapp.xyz/common-assets/plugins/jquery-ui/images/ui-icons_444444_256x240.png]
[demo.neptuneapp.xyz/common-assets/plugins/morris-chart/raphael-min.js]
[demo.neptuneapp.xyz/common-assets/plugins/jquery-ui/images/ui-icons_555555_256x240.png]
[demo.neptuneapp.xyz/common-assets/plugins/chartjs/Chart.min.js]
[demo.neptuneapp.xyz/common-assets/plugins/jquery-ui/images/ui-icons_ffffff_256x240.png]
[demo.neptuneapp.xyz/common-assets/plugins/jquery-ui/images/ui-icons_777620_256x240.png]
[demo.neptuneapp.xyz/common-assets/plugins/jquery-ui/images/ui-icons_cc0000_256x240.png]
[demo.neptuneapp.xyz/common-assets/plugins/jquery-ui/images/ui-icons_777777_256x240.png]
[demo.neptuneapp.xyz/common-assets/plugins/jquery-ui/jquery-ui.min.css]
[demo.neptuneapp.xyz/demo-1/ltr/assets/css/apps/ecommerce.css]
[demo.neptuneapp.xyz/demo-1/ltr/assets/img/chat-bg.png]
[demo.neptuneapp.xyz/demo-1/ltr/assets/css/apps/chat.css]
[demo.neptuneapp.xyz/common-assets/plugins/animate/animate.css]
[demo.neptuneapp.xyz/demo-1/ltr/assets/css/apps/mailbox.css]
[demo.neptuneapp.xyz/demo-1/ltr/assets/css/apps/file-manager.css]
[demo.neptuneapp.xyz/common-assets/plugins/bootstrap-select/bootstrap-select.min.css]
[demo.neptuneapp.xyz/common-assets/plugins/fullcalendar/fullcalendar.css]
[demo.neptuneapp.xyz/common-assets/plugins/fullcalendar/custom-fullcalendar.advance.css]
[demo.neptuneapp.xyz/demo-1/ltr/assets/css/forms/theme-checkbox-radio.css]
[demo.neptuneapp.xyz/demo-1/ltr/assets/css/apps/notes.css]
[demo.neptuneapp.xyz/demo-1/ltr/assets/css/pages/contact_us.css]
[demo.neptuneapp.xyz/demo-1/ltr/assets/css/pages/faq/faq.css]
[demo.neptuneapp.xyz/common-assets/plugins/table/datatable/button-ext/pdfmake.min.js]
[demo.neptuneapp.xyz/demo-1/ltr/assets/img/helpdesk-header-bg.jpg]
[demo.neptuneapp.xyz/demo-1/ltr/assets/css/pages/helpdesk.css]
[demo.neptuneapp.xyz/demo-1/ltr/assets/css/pages/pricing.css]
[demo.neptuneapp.xyz/demo-1/ltr/assets/css/pages/search_result.css]
[demo.neptuneapp.xyz/demo-1/ltr/assets/css/pages/privacy_policy.css]
[demo.neptuneapp.xyz/demo-1/ltr/assets/css/apps/tickets.css]
[demo.neptuneapp.xyz/demo-1/ltr/assets/css/pages/notifications.css]
[demo.neptuneapp.xyz/demo-1/ltr/assets/css/forms/switch-theme.css]
[demo.neptuneapp.xyz/demo-1/ltr/assets/css/pages/profile.css]
[demo.neptuneapp.xyz/demo-1/ltr/assets/css/pages/timeline.css]
[demo.neptuneapp.xyz/demo-1/ltr/assets/img/auth_3_bg.jpg]
[demo.neptuneapp.xyz/demo-1/ltr/assets/css/authentication/auth_3.css]
[demo.neptuneapp.xyz/demo-1/ltr/assets/css/dashboard/dashboard_2.css]
[demo.neptuneapp.xyz/demo-1/ltr/assets/css/dashboard/dashboard_3.css]
[demo.neptuneapp.xyz/demo-1/ltr/assets/css/dashboard/dashboard_4.css]
[demo.neptuneapp.xyz/demo-1/ltr/assets/css/dashboard/dashboard_5.css]
[demo.neptuneapp.xyz/demo-1/ltr/assets/css/apps/companies.css]
[demo.neptuneapp.xyz/demo-1/ltr/assets/css/apps/contacts.css]
[demo.neptuneapp.xyz/common-assets/plugins/dropzone/dropzone.min.css]
[demo.neptuneapp.xyz/demo-1/ltr/ecommerce-product-detail.html]
[demo.neptuneapp.xyz/common-assets/plugins/editors/markdown/simplemde.min.css]
[demo.neptuneapp.xyz/demo-1/ltr/assets/img/bg.png]
[demo.neptuneapp.xyz/demo-1/ltr/assets/css/apps/invoice.css]
[demo.neptuneapp.xyz/demo-1/ltr/assets/css/apps/social.css]
[demo.neptuneapp.xyz/demo-1/ltr/contacts-profile.html]
[demo.neptuneapp.xyz/common-assets/plugins/editors/quill/quill.snow.css]
[demo.neptuneapp.xyz/demo-1/ltr/assets/css/apps/tasklist.css]
[demo.neptuneapp.xyz/common-assets/plugins/owl-carousel/owl.carousel.min.css]
[demo.neptuneapp.xyz/common-assets/plugins/owl-carousel/owl.theme.default.min.css]
[demo.neptuneapp.xyz/demo-1/ltr/assets/img/auth_1_bg.jpg]
[demo.neptuneapp.xyz/demo-1/ltr/assets/img/auth_1_bg_2.jpg]
[demo.neptuneapp.xyz/demo-1/ltr/assets/img/auth_1_bg_3.jpg]
[demo.neptuneapp.xyz/demo-1/ltr/assets/css/authentication/auth_1.css]
[demo.neptuneapp.xyz/demo-1/ltr/assets/img/auth_2_bg.jpg]
[demo.neptuneapp.xyz/demo-1/ltr/assets/img/auth_2_bg_2.jpg]
[demo.neptuneapp.xyz/demo-1/ltr/assets/css/authentication/auth_2.css]
[demo.neptuneapp.xyz/demo-1/ltr/assets/css/pages/coming-soon/style.css]
[demo.neptuneapp.xyz/demo-1/ltr/assets/css/pages/coming-soon/style2.css]
[demo.neptuneapp.xyz/demo-1/ltr/assets/css/pages/contact_us_2.css]
[demo.neptuneapp.xyz/demo-1/ltr/assets/css/pages/error/error_2.css]
[demo.neptuneapp.xyz/demo-1/ltr/assets/css/pages/faq/faq2.css]
[demo.neptuneapp.xyz/demo-1/ltr/assets/css/pages/faq/faq3.css]
[demo.neptuneapp.xyz/common-assets/plugins/dropify/fonts/dropify.eot]
[demo.neptuneapp.xyz/common-assets/plugins/dropify/fonts/dropify.woff]
[demo.neptuneapp.xyz/common-assets/plugins/dropify/fonts/dropify.ttf]
[demo.neptuneapp.xyz/common-assets/plugins/dropify/dropify.min.css]
[demo.neptuneapp.xyz/demo-1/ltr/assets/css/pages/profile_edit.css]
[demo.neptuneapp.xyz/demo-1/ltr/assets/css/pages/sitemap.css]
[demo.neptuneapp.xyz/demo-1/ltr/pages_privacy.html]
[demo.neptuneapp.xyz/demo-1/ltr/basic_ui_counter-2.html]
[demo.neptuneapp.xyz/demo-1/ltr/assets/css/basic-ui/accordion.css]
[demo.neptuneapp.xyz/demo-1/ltr/assets/css/animate.min.css]
[demo.neptuneapp.xyz/demo-1/ltr/assets/css/basic-ui/animation.css]
[demo.neptuneapp.xyz/demo-1/ltr/assets/css/basic-ui/custom-carousel.css]
[demo.neptuneapp.xyz/demo-1/ltr/assets/css/basic-ui/custom_countdown.css]
[demo.neptuneapp.xyz/demo-1/ltr/assets/css/basic-ui/custom_counter.css]
[demo.neptuneapp.xyz/common-assets/plugins/dragitems/dragula.css]
[demo.neptuneapp.xyz/common-assets/plugins/dragitems/example.css]
[demo.neptuneapp.xyz/demo-1/ltr/assets/css/basic-ui/custom_lightbox.css]
[demo.neptuneapp.xyz/common-assets/plugins/lightbox/img/vimeo-play.png]
[demo.neptuneapp.xyz/common-assets/plugins/lightbox/img/video-play.png]
[demo.neptuneapp.xyz/common-assets/plugins/lightbox/img/youtube-play.png]
[demo.neptuneapp.xyz/common-assets/plugins/lightbox/img/loading.gif]
[demo.neptuneapp.xyz/common-assets/plugins/lightbox/css/lightgallery.css]
[demo.neptuneapp.xyz/demo-1/ltr/assets/css/basic-ui/custom_lightbox_side_open.css]
[demo.neptuneapp.xyz/common-assets/plugins/lightbox-side-open/strip-skins/strip/error.png]
[demo.neptuneapp.xyz/common-assets/plugins/lightbox-side-open/strip-skins/strip/previous-faded.png]
[demo.neptuneapp.xyz/common-assets/plugins/lightbox-side-open/strip-skins/strip/next-faded.png]
[demo.neptuneapp.xyz/common-assets/plugins/lightbox-side-open/strip-skins/strip/previous.png]
[demo.neptuneapp.xyz/common-assets/plugins/lightbox-side-open/strip-skins/strip/next.png]
[demo.neptuneapp.xyz/common-assets/plugins/lightbox-side-open/strip-skins/strip/previous-small-faded.png]
[demo.neptuneapp.xyz/common-assets/plugins/lightbox-side-open/strip-skins/strip/next-small-faded.png]
[demo.neptuneapp.xyz/common-assets/plugins/lightbox-side-open/strip-skins/strip/previous-small.png]
[demo.neptuneapp.xyz/common-assets/plugins/lightbox-side-open/strip-skins/strip/next-small.png]
[demo.neptuneapp.xyz/common-assets/plugins/lightbox-side-open/strip-skins/strip/close.png]
[demo.neptuneapp.xyz/common-assets/plugins/lightbox-side-open/strip.css]
[demo.neptuneapp.xyz/demo-1/ltr/assets/css/basic-ui/list_groups.css]
[demo.neptuneapp.xyz/demo-1/ltr/assets/css/basic-ui/custom_media_object.css]
[demo.neptuneapp.xyz/common-assets/plugins/notification/snackbar/snackbar.min.css]
[demo.neptuneapp.xyz/demo-1/ltr/assets/css/basic-ui/scrollspy.css]
[demo.neptuneapp.xyz/common-assets/plugins/sweetalerts/sweetalert2.min.css]
[demo.neptuneapp.xyz/common-assets/plugins/sweetalerts/sweetalert.css]
[demo.neptuneapp.xyz/demo-1/ltr/assets/css/basic-ui/custom_sweetalert.css]
[demo.neptuneapp.xyz/demo-1/ltr/assets/css/basic-ui/tabs.css]
[demo.neptuneapp.xyz/demo-1/ltr/assets/css/basic-ui/tour_tutorial.css]
[demo.neptuneapp.xyz/common-assets/plugins/hopscotch/hopscotch.min.css]
[demo.neptuneapp.xyz/demo-1/ltr/assets/css/ui-elements/alert.css]
[demo.neptuneapp.xyz/demo-1/ltr/assets/css/ui-elements/avatar.css]
[demo.neptuneapp.xyz/demo-1/ltr/assets/css/ui-elements/breadcrumbs.css]
[demo.neptuneapp.xyz/demo-1/ltr/assets/css/ui-elements/buttons.css]
[demo.neptuneapp.xyz/demo-1/ltr/assets/css/ui-elements/dropdown.css]
[demo.neptuneapp.xyz/demo-1/ltr/assets/css/ui-elements/loading-spinners.css]
[demo.neptuneapp.xyz/demo-1/ltr/assets/css/ui-elements/ribbons.css]
[demo.neptuneapp.xyz/demo-1/ltr/assets/css/ui-elements/tooltip.css]
[demo.neptuneapp.xyz/demo-1/ltr/assets/css/tables/tables.css]
[demo.neptuneapp.xyz/common-assets/plugins/table/datatable/datatables.css]
[demo.neptuneapp.xyz/common-assets/plugins/table/datatable/dt-global_style.css]
[demo.neptuneapp.xyz/demo-1/ltr/assets/css/forms/checkbox-theme.css]
[demo.neptuneapp.xyz/demo-1/ltr/assets/css/forms/radio-theme.css]
[demo.neptuneapp.xyz/demo-1/ltr/assets/css/forms/form-widgets.css]
[demo.neptuneapp.xyz/common-assets/plugins/tagify/tagify.css]
[demo.neptuneapp.xyz/demo-1/ltr/assets/css/forms/custom-tagify.css]
[demo.neptuneapp.xyz/common-assets/plugins/bootstrap-touchspin/jquery.bootstrap-touchspin.min.css]
[demo.neptuneapp.xyz/demo-1/ltr/assets/css/forms/custom-switch.css]
[demo.neptuneapp.xyz/common-assets/plugins/select2/select2.min.css]
[demo.neptuneapp.xyz/common-assets/plugins/range-slider/ion.rangeSlider.min.css]
[demo.neptuneapp.xyz/demo-1/ltr/assets/js/forms/forms-layouts.js]
[demo.neptuneapp.xyz/demo-1/ltr/assets/css/forms/file-upload.css]
[demo.neptuneapp.xyz/demo-1/ltr/assets/css/forms/multiple-step.css]
[demo.neptuneapp.xyz/common-assets/plugins/maps/leaflet-map/images/layers.png]
[demo.neptuneapp.xyz/common-assets/plugins/maps/leaflet-map/images/layers-2x.png]
[demo.neptuneapp.xyz/common-assets/plugins/maps/leaflet-map/images/marker-icon.png]
[demo.neptuneapp.xyz/common-assets/plugins/maps/leaflet-map/leaflet.css]
[demo.neptuneapp.xyz/common-assets/plugins/maps/vector-map/jquery-jvectormap-2.0.3.css]
[demo.neptuneapp.xyz/common-assets/plugins/chartlist/chartist.min.css]
[demo.neptuneapp.xyz/common-assets/plugins/morris-chart/morris.css]
[demo.neptuneapp.xyz/common-assets/plugins/owl-carousel/owl.video.play.html]
[demo.neptuneapp.xyz/common-assets/plugins/dropify/fonts/dropify.svg]
[demo.neptuneapp.xyz/common-assets/plugins/lightbox-side-open/strip-skins/strip/error.svg]
[demo.neptuneapp.xyz/common-assets/plugins/lightbox-side-open/strip-skins/strip/previous.svg]
[demo.neptuneapp.xyz/common-assets/plugins/lightbox-side-open/strip-skins/strip/next.svg]
[demo.neptuneapp.xyz/common-assets/plugins/lightbox-side-open/strip-skins/strip/previous-small.svg]
[demo.neptuneapp.xyz/common-assets/plugins/lightbox-side-open/strip-skins/strip/next-small.svg]
[demo.neptuneapp.xyz/common-assets/plugins/lightbox-side-open/strip-skins/strip/close.svg]
[demo.neptuneapp.xyz/common-assets/plugins/img/sprite-green.html]
